// Jest Snapshot v1, https://goo.gl/fbAQLP

exports[`App has a valid snapshot 1`] = `
<div
  className="page"
>
  <header
    className="App-header"
  >
    <div
      className="interactions"
    >
      <form
        onSubmit={[Function]}
      >
        <input
          onChange={[Function]}
          type="text"
          value="redux"
        />
        <button
          type="submit"
        >
           Search 
        </button>
      </form>
    </div>
    <br />
    <div
      className="table"
    />
    <div
      className="interactions"
    >
      <button
        onClick={[Function]}
      >
        More
      </button>
    </div>
    <div>
      <img
        alt="logo"
        className="App-logo"
        src="logo.svg"
      />
      <p>
        Edit 
        <code>
          src/App.js
        </code>
         and save to reload.
      </p>
      <a
        className="App-link"
        href="https://reactjs.org"
        rel="noopener noreferrer"
        target="_blank"
      >
        Learn React JJ
      </a>
    </div>
  </header>
</div>
`;
